---
source: tui/src/history_cell/tests.rs
expression: rendered
---
╭────────────────────────────────────────────────────────────╮
│ Update available! 0.145.0-ak.0.1 -> 9.9.9                  │
│ Run codex-akram update to update.                          │
│                                                            │
│ See full release notes:                                    │
│ https://github.com/Akram012388/codex-akram/releases/latest │
╰────────────────────────────────────────────────────────────╯
